
=== Fri Jul 24 15:10:20 2026

Packages were changed.
Update Mode: updateDependencies

The following packages were added:
  com.unity.ai.navigation@1.1.6
The following packages were updated:
  com.unity.collab-proxy from version 1.14.18 to 2.7.1
  com.unity.ide.rider from version 1.2.1 to 3.0.36
  com.unity.ide.visualstudio from version 2.0.15 to 2.0.22
  com.unity.test-framework from version 1.1.31 to 1.1.33
  com.unity.textmeshpro from version 2.1.6 to 3.0.7
  com.unity.timeline from version 1.2.18 to 1.7.7

=== Fri Jul 24 16:00:00 2026

Packages were changed.
Update Mode: updateDependencies

The following packages were added:
  com.unity.ai.navigation@1.1.6
The following packages were updated:
  com.unity.collab-proxy from version 1.14.18 to 2.7.1
  com.unity.ide.rider from version 1.2.1 to 3.0.36
  com.unity.ide.visualstudio from version 2.0.15 to 2.0.22
  com.unity.test-framework from version 1.1.31 to 1.1.33
  com.unity.textmeshpro from version 2.1.6 to 3.0.7
  com.unity.timeline from version 1.2.18 to 1.7.7

=== Sun Jul 26 14:37:50 2026

Packages were changed.
Update Mode: updateDependencies

The following packages were updated:
  com.unity.collab-proxy from version 1.14.18 to 2.0.4
  com.unity.ide.rider from version 1.2.1 to 3.0.21
  com.unity.ide.visualstudio from version 2.0.15 to 2.0.18
  com.unity.nuget.newtonsoft-json from version 3.0.2 to 3.2.0
  com.unity.test-framework from version 1.1.31 to 1.1.33
  com.unity.textmeshpro from version 2.1.6 to 3.0.6
  com.unity.timeline from version 1.2.18 to 1.4.8

=== Mon Jul 27 17:30:58 2026

Packages were changed.
Update Mode: updateDependencies

The following packages were added:
  com.unity.ai.navigation@1.1.6
The following packages were updated:
  com.unity.collab-proxy from version 2.0.4 to 2.7.1
  com.unity.ide.rider from version 3.0.21 to 3.0.36
  com.unity.ide.visualstudio from version 2.0.18 to 2.0.22
  com.unity.nuget.newtonsoft-json from version 3.2.0 to 3.2.1
  com.unity.textmeshpro from version 3.0.6 to 3.0.7
  com.unity.timeline from version 1.4.8 to 1.7.7
